
> mall-web@0.0.0 build D:\Desktop\ai-platform\implementation\ai-platform-frontend\mall-web
> vite build

[36mvite v8.2.2 [32mbuilding client environment for production...[36m[39m
transforming...
✓ 159 modules transformed.
rendering chunks...
computing gzip size...
dist/index.html                                      0.42 kB │ gzip:  0.29 kB
dist/assets/PriceText-DjeE2MR8.css                   0.06 kB │ gzip:  0.08 kB
dist/assets/NotFoundView-BsJ6ZLe1.css                0.06 kB │ gzip:  0.08 kB
dist/assets/StateView-Crw5w_lw.css                   0.23 kB │ gzip:  0.16 kB
dist/assets/StockBadge-BmzL18Tz.css                  0.53 kB │ gzip:  0.26 kB
dist/assets/LoginView-C_VAKeW4.css                   0.87 kB │ gzip:  0.38 kB
dist/assets/RegisterView-BlfCihv7.css                0.87 kB │ gzip:  0.38 kB
dist/assets/ProductCard-C4haEMWE.css                 0.88 kB │ gzip:  0.40 kB
dist/assets/HomeView-Xgv5VN9N.css                    0.97 kB │ gzip:  0.43 kB
dist/assets/MallLayout-CzUf7yyF.css                  1.18 kB │ gzip:  0.45 kB
dist/assets/ProductListView-DIgWhxrH.css             1.49 kB │ gzip:  0.52 kB
dist/assets/ProfileView-nHVvygZu.css                 2.12 kB │ gzip:  0.60 kB
dist/assets/OrderListView-_bTSwCX0.css               2.28 kB │ gzip:  0.69 kB
dist/assets/ProductDetailView-ByrbJmMz.css           2.39 kB │ gzip:  0.76 kB
dist/assets/CartView-BASdqeKv.css                    2.40 kB │ gzip:  0.74 kB
dist/assets/OrderDetailView-BxYtDCcS.css             2.58 kB │ gzip:  0.84 kB
dist/assets/CheckoutView-OZ5ZQ37E.css                2.63 kB │ gzip:  0.80 kB
dist/assets/AddressListView-pTCse1TE.css             3.20 kB │ gzip:  0.81 kB
dist/assets/_plugin-vue_export-helper-BDNMzG2s.js    0.08 kB │ gzip:  0.09 kB
dist/assets/http-error-BRwbg8fP.js                   0.15 kB │ gzip:  0.14 kB
dist/assets/clear-session-CysllXMk.js                0.22 kB │ gzip:  0.19 kB
dist/assets/checkout-NZ5KSzwo.js                     0.38 kB │ gzip:  0.27 kB
dist/assets/member-form-BMkERJgz.js                  0.44 kB │ gzip:  0.33 kB
dist/assets/PriceText-CHnq4ZWc.js                    0.47 kB │ gzip:  0.36 kB
dist/assets/NotFoundView-DJDT83I1.js                 0.48 kB │ gzip:  0.39 kB
dist/assets/StockBadge-BmwJ3yaB.js                   0.73 kB │ gzip:  0.53 kB
dist/assets/catalog-B7DSfsQp.js                      0.85 kB │ gzip:  0.40 kB
dist/assets/StateView-dBaGMrYA.js                    1.01 kB │ gzip:  0.57 kB
dist/assets/ProductCard-BSH3EeCb.js                  1.25 kB │ gzip:  0.63 kB
dist/assets/address-BaMNT924.js                      1.65 kB │ gzip:  0.68 kB
dist/assets/order-D0nTkUas.js                        1.73 kB │ gzip:  0.84 kB
dist/assets/LoginView-DxII71ej.js                    1.97 kB │ gzip:  1.08 kB
dist/assets/RegisterView-DKd1Z22w.js                 2.01 kB │ gzip:  1.10 kB
dist/assets/MallLayout-CS7Q9KU6.js                   2.15 kB │ gzip:  1.03 kB
dist/assets/HomeView-BGGukqdx.js                     2.65 kB │ gzip:  1.28 kB
dist/assets/OrderListView-CVd0b1S-.js                4.10 kB │ gzip:  1.81 kB
dist/assets/ProductListView-D49IPOlb.js              4.74 kB │ gzip:  2.14 kB
dist/assets/CheckoutView-OKPYxeVE.js                 5.57 kB │ gzip:  2.56 kB
dist/assets/OrderDetailView-kYOg52fb.js              5.63 kB │ gzip:  2.36 kB
dist/assets/ProfileView-DSRIe75b.js                  6.06 kB │ gzip:  2.45 kB
dist/assets/CartView-BAKaAvgQ.js                     6.24 kB │ gzip:  2.66 kB
dist/assets/AddressListView-Kai3TkMv.js              8.75 kB │ gzip:  2.90 kB
dist/assets/ProductDetailView-ChH-Lk-C.js           33.33 kB │ gzip: 13.55 kB
dist/assets/runtime-core.esm-bundler-C7S2HQPT.js    57.26 kB │ gzip: 22.49 kB
dist/assets/index-D0F7Vl2q.js                      102.83 kB │ gzip: 38.69 kB

node.exe : [33m[33m[INEFFECTIVE_DYNAMIC_IMPORT] [0msrc/router/index.ts is dynamically imported by src/utils/refresh-
coordinator.ts but also statically imported by src/main.ts, dynamic import will not move module into another chunk.
At D:\nodejs\node_global\pnpm.ps1:24 char:5
+     & "node$exe"  "$basedir/node_modules/pnpm/bin/pnpm.cjs" $args
+     ~~~~~~~~~~~~~~~~~~~~~~~~~~~~~~~~~~~~~~~~~~~~~~~~~~~~~~~~~~~~~
    + CategoryInfo          : NotSpecified: ([33m[33m[INEF... another chunk.:String) [], RemoteException
    + FullyQualifiedErrorId : NativeCommandError
 
[39m
[32m✓ built in 1.08s[39m
