
> mall-admin@0.0.0 build D:\Desktop\ai-platform\implementation\ai-platform-frontend\mall-admin
> vite build

[36mvite v8.2.2 [32mbuilding client environment for production...[36m[39m
transforming...
✓ 1827 modules transformed.
rendering chunks...
computing gzip size...
dist/index.html                                     0.49 kB │ gzip:  0.31 kB
dist/assets/ProductsPlaceholderView-DgfSVw0g.css    0.05 kB │ gzip:  0.07 kB
dist/assets/SettingsPlaceholderView-De7rA_XN.css    0.05 kB │ gzip:  0.07 kB
dist/assets/UsersPlaceholderView-DgSo6BNw.css       0.05 kB │ gzip:  0.07 kB
dist/assets/NotFoundView-DlOX6-8_.css               0.06 kB │ gzip:  0.08 kB
dist/assets/CompensationListView-Dnf3-SNP.css       0.15 kB │ gzip:  0.13 kB
dist/assets/WorkbenchView-BHEZD1oN.css              0.23 kB │ gzip:  0.14 kB
dist/assets/InventoryListView-C2kejzdw.css          0.29 kB │ gzip:  0.19 kB
dist/assets/InventoryLogView-BTI90PwT.css           0.30 kB │ gzip:  0.18 kB
dist/assets/CategoryTreeView-npilB31z.css           0.34 kB │ gzip:  0.20 kB
dist/assets/ProductListView-Bxt1q6kI.css            0.46 kB │ gzip:  0.24 kB
dist/assets/BrandListView-CuNxtQCt.css              0.46 kB │ gzip:  0.24 kB
dist/assets/css-BAyktVMS.css                        0.92 kB │ gzip:  0.32 kB
dist/assets/css-BtuTnLzD.css                        1.61 kB │ gzip:  0.54 kB
dist/assets/css-BG2Se6n6.css                        2.73 kB │ gzip:  0.79 kB
dist/assets/LoginView-Vajkt3rH.css                  3.69 kB │ gzip:  0.82 kB
dist/assets/css-TSZfE1b8.css                        3.70 kB │ gzip:  1.01 kB
dist/assets/css-C8-vPSoj.css                        3.80 kB │ gzip:  0.89 kB
dist/assets/css-DExoAqKP.css                        4.34 kB │ gzip:  0.89 kB
dist/assets/css-DgHkEboq.css                        5.77 kB │ gzip:  0.98 kB
dist/assets/css-B7gvwdWB.css                        6.95 kB │ gzip:  1.17 kB
dist/assets/css-COxjNVN7.css                        8.10 kB │ gzip:  1.90 kB
dist/assets/OrderDetailView-Kcaitc6D.css            9.49 kB │ gzip:  1.64 kB
dist/assets/css-Nqb2n_Xn.css                       11.18 kB │ gzip:  1.86 kB
dist/assets/ProductEditView-B5p3Gzoa.css           18.00 kB │ gzip:  3.32 kB
dist/assets/AdminLayout-ps7ssT3C.css               23.29 kB │ gzip:  3.43 kB
dist/assets/css-CNpL_Sag.css                       27.75 kB │ gzip:  3.95 kB
dist/assets/OrderListView-Bi-lUYdA.css             31.36 kB │ gzip:  4.35 kB
dist/assets/css-CzQ74fqP.css                       31.86 kB │ gzip:  4.42 kB
dist/assets/css-Dp2SIHSJ.js                         0.02 kB │ gzip:  0.04 kB
dist/assets/refs-Cc5FwKWV.js                        0.06 kB │ gzip:  0.07 kB
dist/assets/castArray-CcSGXpeP.js                   0.12 kB │ gzip:  0.13 kB
dist/assets/usePermission-Dyy9S3Uk.js               0.14 kB │ gzip:  0.13 kB
dist/assets/app-D6pf2iYG.js                         0.24 kB │ gzip:  0.22 kB
dist/assets/ForbiddenView-bOTyRq45.js               0.30 kB │ gzip:  0.27 kB
dist/assets/ProductsPlaceholderView-BhoCCdhW.js     0.38 kB │ gzip:  0.34 kB
dist/assets/SettingsPlaceholderView-DE7e3Umq.js     0.38 kB │ gzip:  0.34 kB
dist/assets/UsersPlaceholderView-DGyfC8dS.js        0.38 kB │ gzip:  0.34 kB
dist/assets/brand-Bxr25F49.js                       0.44 kB │ gzip:  0.25 kB
dist/assets/category-CmJkf2Im.js                    0.44 kB │ gzip:  0.22 kB
dist/assets/NotFoundView-mCTERREa.js                0.46 kB │ gzip:  0.38 kB
dist/assets/inventory-Bsxf-7TV.js                   0.48 kB │ gzip:  0.22 kB
dist/assets/repeat-click-Bn2JhRFF.js                0.62 kB │ gzip:  0.39 kB
dist/assets/vnode-CJD-UcXy.js                       0.70 kB │ gzip:  0.43 kB
dist/assets/product-Khi5jNU8.js                     0.94 kB │ gzip:  0.35 kB
dist/assets/click-outside-D6vKDVvr.js               0.95 kB │ gzip:  0.53 kB
dist/assets/css-81rOZ4ks.js                         1.22 kB │ gzip:  0.54 kB
dist/assets/order-display-CtgESyIU.js               1.85 kB │ gzip:  0.94 kB
dist/assets/WorkbenchView-Dbu9g1eJ.js               1.89 kB │ gzip:  1.11 kB
dist/assets/overlay--zSntt1W.js                     3.00 kB │ gzip:  1.36 kB
dist/assets/LoginView-B-0Js79g.js                   3.58 kB │ gzip:  1.69 kB
dist/assets/InventoryLogView-DiErbtHE.js            3.59 kB │ gzip:  1.75 kB
dist/assets/CompensationListView-C3wzsayz.js        3.78 kB │ gzip:  1.82 kB
dist/assets/css-BVqd2DV6.js                         4.63 kB │ gzip:  1.97 kB
dist/assets/CategoryTreeView-Ceohyekk.js            5.39 kB │ gzip:  2.34 kB
dist/assets/ProductListView-qpTExzzt.js             6.85 kB │ gzip:  2.64 kB
dist/assets/css-B_wBACK9.js                         6.97 kB │ gzip:  2.84 kB
dist/assets/InventoryListView-nar3cRmT.js           7.01 kB │ gzip:  2.66 kB
dist/assets/BrandListView-KnXwjuFP.js               7.48 kB │ gzip:  3.04 kB
dist/assets/message-CccGQh9p.js                     8.03 kB │ gzip:  3.44 kB
dist/assets/css-BFbHCwdc.js                         8.87 kB │ gzip:  3.47 kB
dist/assets/css-CjaBy0XD.js                        11.15 kB │ gzip:  4.25 kB
dist/assets/message-box-Bnxvhzr5.js                11.29 kB │ gzip:  4.23 kB
dist/assets/css-tNey-kU7.js                        11.50 kB │ gzip:  3.96 kB
dist/assets/OrderDetailView-CHJ2AzcY.js            14.36 kB │ gzip:  5.17 kB
dist/assets/css-BFVHKC2W.js                        15.79 kB │ gzip:  5.77 kB
dist/assets/css-D8SmA72Q.js                        30.14 kB │ gzip: 10.30 kB
dist/assets/css-CUgLuqwe.js                        31.35 kB │ gzip: 10.86 kB
dist/assets/AdminLayout-BEaSWlgE.js                35.72 kB │ gzip: 11.94 kB
dist/assets/index-CBdhDbM1.js                      48.47 kB │ gzip: 18.85 kB
dist/assets/css-57BtPiiC.js                        52.28 kB │ gzip: 18.49 kB
dist/assets/auth-BqnM3CSG.js                       59.84 kB │ gzip: 22.74 kB
dist/assets/runtime-core.esm-bundler-DFm-dby6.js   65.54 kB │ gzip: 25.70 kB
dist/assets/ProductEditView-NdZQ6cfv.js            66.66 kB │ gzip: 23.02 kB
dist/assets/css-CkqJwccc.js                        71.74 kB │ gzip: 25.54 kB
dist/assets/css-Bu2AJB2F.js                        90.25 kB │ gzip: 30.76 kB
dist/assets/OrderListView-CjDnepYj.js             113.29 kB │ gzip: 31.39 kB

[32m✓ built in 4.22s[39m
node.exe : [33m[33m[PLUGIN_TIMINGS] [0mYour build spent 20% of 4.2s inside plugin hooks (856ms).
At D:\nodejs\node_global\pnpm.ps1:24 char:5
+     & "node$exe"  "$basedir/node_modules/pnpm/bin/pnpm.cjs" $args
+     ~~~~~~~~~~~~~~~~~~~~~~~~~~~~~~~~~~~~~~~~~~~~~~~~~~~~~~~~~~~~~
    + CategoryInfo          : NotSpecified: ([33m[33m[PLUG... hooks (856ms).:String) [], RemoteException
    + FullyQualifiedErrorId : NativeCommandError
 
Not measurable — 2 hooks whose calls overlap, so elapsed time covers work other calls were doing. Profile with `node --
cpu-prof`:
  - unplugin-auto-import transform (83 calls)
  - unplugin-vue-components transform (1827 calls)
See https://rolldown.rs/reference/InputOptions.checks#plugintimings for more details.
[39m
