
  .   ____          _            __ _ _
 /\\ / ___'_ __ _ _(_)_ __  __ _ \ \ \ \
( ( )\___ | '_ | '_| | '_ \/ _` | \ \ \ \
 \\/  ___)| |_)| | | | | || (_| |  ) ) ) )
  '  |____| .__|_| |_|_| |_\__, | / / / /
 =========|_|==============|___/=/_/_/_/

 :: Spring Boot ::               (v3.5.15)

2026-08-28T22:45:46.357+08:00  INFO 24604 --- [mall-gateway] [           main] c.a.mall.gateway.MallGatewayApplication  : Starting MallGatewayApplication using Java 21.0.12 with PID 24604 (D:\Desktop\ai-platform\implementation\ai-platform-backend\mall-gateway\target\mall-gateway-1.0.0-SNAPSHOT.jar started by 2025 in D:\Desktop\ai-platform\implementation\ai-platform-backend)
2026-08-28T22:45:46.376+08:00  INFO 24604 --- [mall-gateway] [           main] c.a.mall.gateway.MallGatewayApplication  : No active profile set, falling back to 1 default profile: "default"
2026-08-28T22:45:47.326+08:00  INFO 24604 --- [mall-gateway] [           main] o.s.cloud.context.scope.GenericScope     : BeanFactory id=b150e2e1-282b-3fac-9319-6461dc65a394
2026-08-28T22:45:47.658+08:00  WARN 24604 --- [mall-gateway] [           main] GatewayClassPathWarningAutoConfiguration : 

**********************************************************

The artifact spring-cloud-gateway-server is deprecated. It will be removed in the next major release. Please add spring-cloud-gateway-server-webflux dependency.

**********************************************************


2026-08-28T22:45:47.907+08:00  INFO 24604 --- [mall-gateway] [           main] o.s.c.g.r.RouteDefinitionRouteLocator    : Loaded RoutePredicateFactory [After]
2026-08-28T22:45:47.907+08:00  INFO 24604 --- [mall-gateway] [           main] o.s.c.g.r.RouteDefinitionRouteLocator    : Loaded RoutePredicateFactory [Before]
2026-08-28T22:45:47.907+08:00  INFO 24604 --- [mall-gateway] [           main] o.s.c.g.r.RouteDefinitionRouteLocator    : Loaded RoutePredicateFactory [Between]
2026-08-28T22:45:47.908+08:00  INFO 24604 --- [mall-gateway] [           main] o.s.c.g.r.RouteDefinitionRouteLocator    : Loaded RoutePredicateFactory [Cookie]
2026-08-28T22:45:47.908+08:00  INFO 24604 --- [mall-gateway] [           main] o.s.c.g.r.RouteDefinitionRouteLocator    : Loaded RoutePredicateFactory [Header]
2026-08-28T22:45:47.908+08:00  INFO 24604 --- [mall-gateway] [           main] o.s.c.g.r.RouteDefinitionRouteLocator    : Loaded RoutePredicateFactory [Host]
2026-08-28T22:45:47.908+08:00  INFO 24604 --- [mall-gateway] [           main] o.s.c.g.r.RouteDefinitionRouteLocator    : Loaded RoutePredicateFactory [Method]
2026-08-28T22:45:47.909+08:00  INFO 24604 --- [mall-gateway] [           main] o.s.c.g.r.RouteDefinitionRouteLocator    : Loaded RoutePredicateFactory [Path]
2026-08-28T22:45:47.909+08:00  INFO 24604 --- [mall-gateway] [           main] o.s.c.g.r.RouteDefinitionRouteLocator    : Loaded RoutePredicateFactory [Query]
2026-08-28T22:45:47.909+08:00  INFO 24604 --- [mall-gateway] [           main] o.s.c.g.r.RouteDefinitionRouteLocator    : Loaded RoutePredicateFactory [ReadBody]
2026-08-28T22:45:47.909+08:00  INFO 24604 --- [mall-gateway] [           main] o.s.c.g.r.RouteDefinitionRouteLocator    : Loaded RoutePredicateFactory [RemoteAddr]
2026-08-28T22:45:47.910+08:00  INFO 24604 --- [mall-gateway] [           main] o.s.c.g.r.RouteDefinitionRouteLocator    : Loaded RoutePredicateFactory [XForwardedRemoteAddr]
2026-08-28T22:45:47.910+08:00  INFO 24604 --- [mall-gateway] [           main] o.s.c.g.r.RouteDefinitionRouteLocator    : Loaded RoutePredicateFactory [Weight]
2026-08-28T22:45:47.910+08:00  INFO 24604 --- [mall-gateway] [           main] o.s.c.g.r.RouteDefinitionRouteLocator    : Loaded RoutePredicateFactory [CloudFoundryRouteService]
2026-08-28T22:45:48.127+08:00  WARN 24604 --- [mall-gateway] [           main] s.w.s.StarterDeprecatedAutoConfiguration : 

**********************************************************

spring-cloud-starter-gateway is deprecated. It will be removed in the next major release. Please use spring-cloud-starter-gateway-server-webflux instead.

**********************************************************


2026-08-28T22:45:48.281+08:00  INFO 24604 --- [mall-gateway] [           main] o.s.b.web.embedded.netty.NettyWebServer  : Netty started on port 8080 (http)
2026-08-28T22:45:48.314+08:00  INFO 24604 --- [mall-gateway] [           main] c.a.mall.gateway.MallGatewayApplication  : Started MallGatewayApplication in 2.399 seconds (process running for 2.828)
