
  .   ____          _            __ _ _
 /\\ / ___'_ __ _ _(_)_ __  __ _ \ \ \ \
( ( )\___ | '_ | '_| | '_ \/ _` | \ \ \ \
 \\/  ___)| |_)| | | | | || (_| |  ) ) ) )
  '  |____| .__|_| |_|_| |_\__, | / / / /
 =========|_|==============|___/=/_/_/_/

 :: Spring Boot ::               (v3.5.15)

2026-09-08 20:07:30.274 [main] INFO  [] c.a.m.identity.MallIdentityApplication - Starting MallIdentityApplication using Java 21.0.12 with PID 32428 (D:\Desktop\ai-platform\implementation\ai-platform-backend\mall-services\mall-identity\target\mall-identity-1.0.0-SNAPSHOT.jar started by 2025 in D:\Desktop\ai-platform)
2026-09-08 20:07:30.279 [main] INFO  [] c.a.m.identity.MallIdentityApplication - No active profile set, falling back to 1 default profile: "default"
2026-09-08 20:07:31.209 [main] WARN  [] o.m.spring.mapper.ClassPathMapperScanner - No MyBatis mapper was found in '[com.ai.mall.identity]' package. Please check your configuration.
2026-09-08 20:07:31.217 [main] INFO  [] o.s.cloud.context.scope.GenericScope - BeanFactory id=3b0211a8-abca-3244-9f59-b7b51dda260a
2026-09-08 20:07:31.675 [main] INFO  [] o.s.b.w.embedded.tomcat.TomcatWebServer - Tomcat initialized with port 18101 (http)
2026-09-08 20:07:31.689 [main] INFO  [] o.apache.catalina.core.StandardService - Starting service [Tomcat]
2026-09-08 20:07:31.689 [main] INFO  [] org.apache.catalina.core.StandardEngine - Starting Servlet engine: [Apache Tomcat/10.1.55]
2026-09-08 20:07:31.718 [main] INFO  [] o.a.c.c.C.[Tomcat].[localhost].[/] - Initializing Spring embedded WebApplicationContext
2026-09-08 20:07:31.719 [main] INFO  [] o.s.b.w.s.c.ServletWebServerApplicationContext - Root WebApplicationContext: initialization completed in 1398 ms
 _ _   |_  _ _|_. ___ _ |    _ 
| | |\/|_)(_| | |_\  |_)||_|_\ 
     /               |         
                        3.5.12 
2026-09-08 20:07:32.625 [main] INFO  [] com.zaxxer.hikari.HikariDataSource - HikariPool-1 - Starting...
2026-09-08 20:07:32.843 [main] INFO  [] com.zaxxer.hikari.pool.HikariPool - HikariPool-1 - Added connection com.mysql.cj.jdbc.ConnectionImpl@473847fb
2026-09-08 20:07:32.845 [main] INFO  [] com.zaxxer.hikari.HikariDataSource - HikariPool-1 - Start completed.
2026-09-08 20:07:32.883 [main] INFO  [] org.flywaydb.core.FlywayExecutor - Database: jdbc:mysql://localhost:13306/mall_identity?useUnicode=true&characterEncoding=utf8&serverTimezone=Asia/Shanghai&useSSL=false&allowPublicKeyRetrieval=true (MySQL 8.4)
2026-09-08 20:07:33.169 [main] WARN  [] o.f.core.internal.database.base.Database - Flyway upgrade recommended: MySQL 8.4 is newer than this version of Flyway and support has not been tested. The latest supported version of MySQL is 8.1.
2026-09-08 20:07:33.186 [main] INFO  [] o.f.c.i.s.JdbcTableSchemaHistory - Schema history table `mall_identity`.`flyway_schema_history` does not exist yet
2026-09-08 20:07:33.189 [main] INFO  [] o.f.core.internal.command.DbValidate - Successfully validated 0 migrations (execution time 00:00.012s)
2026-09-08 20:07:33.189 [main] WARN  [] o.f.core.internal.command.DbValidate - No migrations found. Are your locations set up correctly?
2026-09-08 20:07:33.209 [main] INFO  [] o.f.c.i.s.JdbcTableSchemaHistory - Creating Schema History table `mall_identity`.`flyway_schema_history` ...
2026-09-08 20:07:33.355 [main] INFO  [] o.f.core.internal.command.DbMigrate - Current version of schema `mall_identity`: << Empty Schema >>
2026-09-08 20:07:33.360 [main] INFO  [] o.f.core.internal.command.DbMigrate - Schema `mall_identity` is up to date. No migration necessary.
2026-09-08 20:07:33.375 [main] INFO  [] c.b.m.e.s.MybatisPlusApplicationContextAware - Register ApplicationContext instances org.springframework.boot.web.servlet.context.AnnotationConfigServletWebServerApplicationContext@101639ae
2026-09-08 20:07:33.529 [main] INFO  [] o.s.b.w.embedded.tomcat.TomcatWebServer - Tomcat started on port 18101 (http) with context path '/'
2026-09-08 20:07:33.542 [Thread-3] INFO  [] c.a.n.c.a.ram.identify.CredentialWatcher - null No credential found
2026-09-08 20:07:33.547 [main] INFO  [] c.a.nacos.client.logging.NacosLogging - Nacos Logging Adapter Builder: com.alibaba.nacos.logger.adapter.logback14.LogbackNacosLoggingAdapterBuilder
2026-09-08 20:07:33.547 [main] INFO  [] c.a.nacos.client.logging.NacosLogging - Nacos Logging Adapter: com.alibaba.nacos.logger.adapter.logback14.LogbackNacosLoggingAdapter match ch.qos.logback.classic.Logger success.
2026-09-08 20:07:33.547 [main] INFO  [] c.a.nacos.client.logging.NacosLogging - Nacos Logging Adapter Builder: com.alibaba.nacos.logger.adapter.log4j2.Log4j2NacosLoggingAdapterBuilder
2026-09-08 20:07:33.709 [main] INFO  [] c.a.n.p.a.s.c.ClientAuthPluginManager - [ClientAuthPluginManager] Load ClientAuthService com.alibaba.nacos.client.auth.impl.NacosClientAuthServiceImpl success.
2026-09-08 20:07:33.709 [main] INFO  [] c.a.n.p.a.s.c.ClientAuthPluginManager - [ClientAuthPluginManager] Load ClientAuthService com.alibaba.nacos.client.auth.ram.RamClientAuthServiceImpl success.
2026-09-08 20:07:34.201 [main] INFO  [] c.a.n.c.a.AbstractAbilityControlManager - Ready to get current node abilities...
2026-09-08 20:07:34.203 [main] INFO  [] c.a.n.c.a.AbstractAbilityControlManager - Ready to initialize current node abilities, support modes: [SDK_CLIENT]
2026-09-08 20:07:34.203 [main] INFO  [] c.a.n.c.a.AbstractAbilityControlManager - Initialize current abilities finish...
2026-09-08 20:07:34.205 [main] INFO  [] c.a.n.c.a.d.NacosAbilityManagerHolder - [AbilityControlManager] Successfully initialize AbilityControlManager
2026-09-08 20:07:34.290 [main] INFO  [] c.a.c.n.registry.NacosServiceRegistry - nacos registry, DEFAULT_GROUP mall-identity 192.168.1.2:18101 register finished
2026-09-08 20:07:34.298 [main] INFO  [] c.a.m.identity.MallIdentityApplication - Started MallIdentityApplication in 4.526 seconds (process running for 5.008)
